[haztread.com/index-1.html]
[backblue.gif]
[fade.gif]
[index.html]
[haztread.com/images/favicon.ico]
[haztread.com/images/apple-touch-icon.png]
[haztread.com/images/apple-touch-icon-57x57.png]
[haztread.com/images/apple-touch-icon-72x72.png]
[haztread.com/images/apple-touch-icon-76x76.png]
[haztread.com/images/apple-touch-icon-114x114.png]
[haztread.com/images/apple-touch-icon-120x120.png]
[haztread.com/images/apple-touch-icon-144x144.png]
[haztread.com/images/apple-touch-icon-152x152.png]
[haztread.com/revolution/css/settings.css]
[haztread.com/revolution/css/layers.css]
[haztread.com/revolution/css/navigation.css]
[haztread.com/css/bootstrap.css]
[haztread.com/style.css]
[haztread.com/css/responsive.css]
[haztread.com/css/custom.css]
[haztread.com/images/load.gif]
[haztread.com/hosting-chat.html]
[haztread.com/images/AU.png]
[haztread.com/images/TR.png]
[haztread.com/images/DE.png]
[haztread.com/index.html]
[haztread.com/images/logo.png]
[haztread.com/index-boxed.html]
[haztread.com/index-dark.html]
[haztread.com/index-2.html]
[haztread.com/index-3.html]
[haztread.com/index-4.html]
[haztread.com/index-5.html]
[haztread.com/page-sidebar.html]
[haztread.com/page-fullwidth.html]
[haztread.com/page-404.html]
[haztread.com/page-sitemap.html]
[haztread.com/blog.html]
[haztread.com/blog-1.html]
[haztread.com/blog-2.html]
[haztread.com/blog-3.html]
[haztread.com/blog-single.html]
[haztread.com/gallery.html]
[haztread.com/gallery-1.html]
[haztread.com/gallery-2.html]
[haztread.com/gallery-3.html]
[haztread.com/gallery-single.html]
[haztread.com/shop.html]
[haztread.com/shop-cart.html]
[haztread.com/shop-single.html]
[haztread.com/page-about.html]
[haztread.com/page-services.html]
[haztread.com/page-team.html]
[haztread.com/page-clients.html]
[haztread.com/page-contact.html]
[haztread.com/hosting-login.html]
[haztread.com/hosting-affiliate.html]
[haztread.com/hosting-carrier.html]
[haztread.com/hosting-support.html]
[haztread.com/page-faqs.html]
[haztread.com/shortcode-pricing.html]
[haztread.com/shortcode-tabs.html]
[haztread.com/shortcode-accordion.html]
[haztread.com/shortcode-counts.html]
[haztread.com/shortcode-forms.html]
[haztread.com/shortcode-service-boxes.html]
[haztread.com/shortcode-typography.html]
[haztread.com/shortcode-alerts.html]
[haztread.com/hosting-reseller.html]
[haztread.com/upload/dummy.png]
[haztread.com/upload/banner_01.jpg]
[haztread.com/upload/banner_02.jpg]
[haztread.com/images/icons/feature_01.png]
[haztread.com/images/icons/feature_02.png]
[haztread.com/images/icons/feature_03.png]
[haztread.com/images/icons/feature_04.png]
[haztread.com/images/icons/feature_05.png]
[haztread.com/images/icons/feature_06.png]
[haztread.com/upload/feature_01.png]
[haztread.com/upload/banner_03.jpg]
[haztread.com/upload/device_01.png]
[haztread.com/upload/device_02.png]
[haztread.com/upload/device_03.png]
[haztread.com/upload/client_01.png]
[haztread.com/upload/client_02.png]
[haztread.com/upload/client_03.png]
[haztread.com/upload/client_04.png]
[haztread.com/upload/work_01.png]
[haztread.com/upload/work_02.png]
[haztread.com/upload/work_03.png]
[haztread.com/upload/work_04.png]
[haztread.com/upload/work_05.png]
[haztread.com/upload/work_06.png]
[haztread.com/upload/device_04.png]
[haztread.com/images/appstore.png]
[haztread.com/images/googlestore.png]
[haztread.com/images/flogo.png]
[haztread.com/js/jquery.js]
[haztread.com/js/bootstrap.min.js]
[haztread.com/js/plugins.js]
[haztread.com/revolution/js/jquery.themepunch.tools.min.js]
[haztread.com/revolution/js/jquery.themepunch.revolution.min.js]
[haztread.com/revolution/js/extensions/revolution.extension.actions.min.js]
[haztread.com/revolution/js/extensions/revolution.extension.carousel.min.js]
[haztread.com/revolution/js/extensions/revolution.extension.kenburn.min.js]
[haztread.com/revolution/js/extensions/revolution.extension.layeranimation.min.js]
[haztread.com/revolution/js/extensions/revolution.extension.migration.min.js]
[haztread.com/revolution/js/extensions/revolution.extension.navigation.min.js]
[haztread.com/revolution/js/extensions/revolution.extension.parallax.min.js]
[haztread.com/revolution/js/extensions/revolution.extension.slideanims.min.js]
[haztread.com/revolution/js/extensions/revolution.extension.video.min.js]
[haztread.com/index-1.html]
[haztread.com/js/revslider_01.js]
[haztread.com/revolution/fonts/revicons/revicons90c6.eot]
[haztread.com/revolution/fonts/revicons/revicons90c6.woff]
[haztread.com/revolution/fonts/revicons/revicons90c6.ttf]
[haztread.com/revolution/fonts/revicons/revicons90c6.svg]
[haztread.com/revolution/assets/gridtile.png]
[haztread.com/revolution/assets/gridtile_white.png]
[haztread.com/revolution/assets/gridtile_3x3.png]
[haztread.com/revolution/assets/gridtile_3x3_white.png]
[haztread.com/revolution/assets/coloredbg.png]
[haztread.com/revolution/assets/loader.gif]
[haztread.com/revolution/css/settings.css]
[haztread.com/revolution/css/layers.css]
[haztread.com/revolution/css/navigation.css]
[haztread.com/fonts/glyphicons-halflings-regular.eot]
[haztread.com/fonts/glyphicons-halflings-regulard41d.eot]
[haztread.com/fonts/glyphicons-halflings-regular.woff2]
[haztread.com/fonts/glyphicons-halflings-regular.woff]
[haztread.com/fonts/glyphicons-halflings-regular.ttf]
[haztread.com/css/bootstrap.css]
[haztread.com/fonts/glyphicons-halflings-regular.svg]
[haztread.com/css/animate.css]
[haztread.com/css/chat.css]
[haztread.com/css/carousel.css]
[haztread.com/css/font-awesome.css]
[haztread.com/upload/bg.jpg]
[haztread.com/upload/menubg.png]
[haztread.com/images/fb.png]
[haztread.com/upload/testibg.jpg]
[haztread.com/upload/searchbg.jpg]
[haztread.com/upload/searchbg1.jpg]
[haztread.com/upload/pricingbg.jpg]
[haztread.com/images/arrow.png]
[haztread.com/style.css]
[haztread.com/css/responsive.css]
[haztread.com/css/custom.css]
[haztread.com/upload/page_banner_03.jpg]
[haztread.com/hosting-chat.html]
[haztread.com/upload/transparent.png]
[haztread.com/upload/macbookpro.png]
[haztread.com/upload/cloud1.png]
[haztread.com/upload/ipad.png]
[haztread.com/upload/express_ipad_content1.jpg]
[haztread.com/upload/cloud2.png]
[haztread.com/upload/ihpone.png]
[haztread.com/upload/express_iphone_content1.jpg]
[haztread.com/upload/cloud3.png]
[haztread.com/images/icons/white_icon_01.png]
[haztread.com/images/icons/white_icon_02.png]
[haztread.com/images/icons/white_icon_03.png]
[haztread.com/images/icons/white_icon_04.png]
[haztread.com/upload/section_02.jpg]
[haztread.com/images/icons/features_box_01.png]
[haztread.com/images/icons/features_box_02.png]
[haztread.com/images/icons/features_box_03.png]
[haztread.com/images/icons/custom_icon_01.png]
[haztread.com/images/icons/custom_icon_02.png]
[haztread.com/images/icons/custom_icon_03.png]
[haztread.com/images/icons/custom_icon_04.png]
[haztread.com/images/icons/custom_icon_05.png]
[haztread.com/images/icons/custom_icon_06.png]
[haztread.com/upload/device_07.png]
[haztread.com/index.html]
[haztread.com/index-boxed.html]
[haztread.com/js/revslider_04.js]
[haztread.com/dark.css]
[haztread.com/images/darklogo.png]
[haztread.com/index-dark.html]
[haztread.com/upload/section_01.jpg]
[haztread.com/upload/server_01.png]
[haztread.com/upload/server_02.png]
[haztread.com/upload/server_03.png]
[haztread.com/upload/server_04.png]
[haztread.com/upload/server_05.png]
[haztread.com/upload/server_06.png]
[haztread.com/upload/device_06.png]
[haztread.com/index-2.html]
[haztread.com/upload/express_bglight.jpg]
[haztread.com/upload/express_macbook_content1.jpg]
[haztread.com/images/icons/features_box_04.png]
[haztread.com/upload/device_05.png]
[haztread.com/index-3.html]
[haztread.com/js/revslider_02.js]
[haztread.com/upload/notgenericherobg.jpg]
[haztread.com/upload/team_01.png]
[haztread.com/upload/team_02.png]
[haztread.com/upload/team_03.png]
[haztread.com/upload/team_04.png]
[haztread.com/upload/client_07.png]
[haztread.com/upload/client_08.png]
[haztread.com/index-4.html]
[haztread.com/js/revslider_03.js]
[haztread.com/upload/home.jpg]
[haztread.com/upload/server_07.png]
[haztread.com/upload/server_08.png]
[haztread.com/index-5.html]
[haztread.com/upload/page_banner_01.jpg]
[haztread.com/upload/alignleft.png]
[haztread.com/upload/alignright.png]
[haztread.com/single.html]
[haztread.com/page-sidebar.html]
[haztread.com/page-fullwidth.html]
[haztread.com/about.html]
[haztread.com/contributors.html]
[haztread.com/submit.html]
[haztread.com/sitemap.html]
[haztread.com/login.html]
[haztread.com/404.html]
[haztread.com/elements.html]
[haztread.com/page.html]
[haztread.com/single-fullwidth.html]
[haztread.com/single-review.html]
[haztread.com/single-deal.html]
[haztread.com/single-video.html]
[haztread.com/single-audio.html]
[haztread.com/single-gallery.html]
[haztread.com/single-quote.html]
[haztread.com/page-404.html]
[haztread.com/page-sitemap.html]
[haztread.com/upload/blog_05.jpg]
[haztread.com/author.html]
[haztread.com/upload/avatar_02.png]
[haztread.com/category.html]
[haztread.com/upload/blog_01.jpg]
[haztread.com/upload/blog_02.jpg]
[haztread.com/upload/blog_03.jpg]
[haztread.com/upload/blog_04.jpg]
[haztread.com/blog.html]
[haztread.com/upload/blog_grid_01.jpg]
[haztread.com/upload/blog_grid_02.jpg]
[haztread.com/upload/blog_grid_03.jpg]
[haztread.com/upload/blog_grid_04.jpg]
[haztread.com/upload/blog_grid_05.jpg]
[haztread.com/upload/blog_grid_06.jpg]
[haztread.com/blog-1.html]
[haztread.com/blog-2.html]
[haztread.com/blog-3.html]
[haztread.com/upload/avatar_01.jpg]
[haztread.com/upload/avatar_03.png]
[haztread.com/upload/avatar_04.png]
[haztread.com/blog-single.html]
[haztread.com/upload/gallery_07.jpg]
[haztread.com/upload/gallery_08.jpg]
[haztread.com/upload/gallery_09.jpg]
[haztread.com/upload/gallery_01.jpg]
[haztread.com/upload/gallery_02.jpg]
[haztread.com/upload/gallery_03.jpg]
[haztread.com/upload/gallery_04.jpg]
[haztread.com/upload/gallery_05.jpg]
[haztread.com/upload/gallery_06.jpg]
[haztread.com/gallery.html]
[haztread.com/upload/mason_01.jpg]
[haztread.com/upload/mason_02.jpg]
[haztread.com/upload/mason_03.jpg]
[haztread.com/upload/mason_04.jpg]
[haztread.com/upload/mason_05.jpg]
[haztread.com/upload/mason_06.jpg]
[haztread.com/upload/mason_07.jpg]
[haztread.com/upload/mason_09.jpg]
[haztread.com/upload/mason_11.jpg]
[haztread.com/js/isotope.js]
[haztread.com/js/imagesloaded.pkgd.js]
[haztread.com/gallery-1.html]
[haztread.com/js/four-col-portfolio.js]
[haztread.com/upload/gallery_12.jpg]
[haztread.com/upload/gallery_11.jpg]
[haztread.com/upload/gallery_10.jpg]
[haztread.com/gallery-2.html]
[haztread.com/gallery-3.html]
[haztread.com/js/three-col-portfolio.js]
[haztread.com/upload/single_gallery_01.jpg]
[haztread.com/upload/single_gallery_02.jpg]
[haztread.com/upload/single_gallery_03.jpg]
[haztread.com/gallery-single.html]
[haztread.com/upload/page_banner_02.jpg]
[haztread.com/upload/shop_01.jpg]
[haztread.com/upload/shop_02.jpg]
[haztread.com/upload/shop_03.jpg]
[haztread.com/upload/shop_04.jpg]
[haztread.com/upload/shop_05.jpg]
[haztread.com/upload/shop_06.jpg]
[haztread.com/shop.html]
[haztread.com/upload/payment_01.png]
[haztread.com/upload/payment_02.png]
[haztread.com/upload/payment_03.png]
[haztread.com/upload/payment_04.png]
[haztread.com/upload/payment_05.png]
[haztread.com/upload/payment_06.png]
[haztread.com/shop-cart.html]
[haztread.com/shop-wishlist.html]
[haztread.com/shop-single.html]
[haztread.com/upload/about.jpg]
[haztread.com/upload/award_01.png]
[haztread.com/upload/award_02.png]
[haztread.com/upload/award_03.png]
[haztread.com/upload/award_04.png]
[haztread.com/js/contact.js]
[haztread.com/page-about.html]
[haztread.com/js/map.js]
[haztread.com/upload/page_banner_06.jpg]
[haztread.com/page-services.html]
[haztread.com/page-team.html]
[haztread.com/upload/page_banner_07.jpg]
[haztread.com/upload/market_01.png]
[haztread.com/upload/market_02.png]
[haztread.com/upload/market_03.png]
[haztread.com/upload/market_04.png]
[haztread.com/upload/market_05.png]
[haztread.com/page-clients.html]
[haztread.com/upload/page_banner_04.jpg]
[haztread.com/page-contact.html]
[haztread.com/hosting-login.html]
[haztread.com/upload/page_banner_05.jpg]
[haztread.com/upload/aff.jpg]
[haztread.com/upload/aff_01.jpg]
[haztread.com/hosting-affiliate.html]
[haztread.com/upload/carrer.jpg]
[haztread.com/hosting-carrier.html]
[haztread.com/hosting-support.html]
[haztread.com/page-faqs.html]
[haztread.com/shortcode-pricing.html]
[haztread.com/shortcode-tabs.html]
[haztread.com/shortcode-accordion.html]
[haztread.com/shortcode-counts.html]
[haztread.com/shortcode-forms.html]
[haztread.com/shortcode-service-boxes.html]
[haztread.com/shortcode-typography.html]
[haztread.com/shortcode-alerts.html]
[haztread.com/upload/webhost.jpg]
[haztread.com/hosting-reseller.html]
[haztread.com/revolution/fonts/revicons/revicons90c6.svg]
[haztread.com/revolution/css/openhand.html]
[haztread.com/revolution/css/closedhand.html]
[haztread.com/fonts/glyphicons-halflings-regular.html]
[haztread.com/fonts/glyphicons-halflings-regular.svg]
[haztread.com/css/animate.css]
[haztread.com/css/chat.css]
[haztread.com/css/owl.video.play.png]
[haztread.com/css/carousel.css]
[haztread.com/fonts/fontawesome-webfont78ce.eot]
[haztread.com/fonts/fontawesome-webfontd41d.eot]
[haztread.com/fonts/fontawesome-webfont78ce.woff]
[haztread.com/fonts/fontawesome-webfont78ce.ttf]
[haztread.com/css/font-awesome.css]
[haztread.com/dark.css]
[haztread.com/single.html]
[haztread.com/about.html]
[haztread.com/contributors.html]
[haztread.com/submit.html]
[haztread.com/sitemap.html]
[haztread.com/login.html]
[haztread.com/404.html]
[haztread.com/elements.html]
[haztread.com/page.html]
[haztread.com/single-fullwidth.html]
[haztread.com/single-review.html]
[haztread.com/single-deal.html]
[haztread.com/single-video.html]
[haztread.com/single-audio.html]
[haztread.com/single-gallery.html]
[haztread.com/single-quote.html]
[haztread.com/author.html]
[haztread.com/category.html]
[haztread.com/shop-wishlist.html]
[haztread.com/css/owl.video.play.html]
[haztread.com/fonts/fontawesome-webfont78ce.svg]
[haztread.com/fonts/fontawesome-webfont78ce.svg]
